Archive member included to satisfy reference by file (symbol)

/usr/lib/gcc/arm-none-eabi/10.3.1/../../../arm-none-eabi/lib/thumb/nofp/libc.a(lib_a-memcpy-stub.o)
                              build//home/dtriska/FreeRTOSv202212.01/FreeRTOS/Source/queue.o (memcpy)
/usr/lib/gcc/arm-none-eabi/10.3.1/../../../arm-none-eabi/lib/thumb/nofp/libc.a(lib_a-memset.o)
                              build//home/dtriska/FreeRTOSv202212.01/FreeRTOS/Source/tasks.o (memset)
/usr/lib/gcc/arm-none-eabi/10.3.1/../../../arm-none-eabi/lib/thumb/nofp/libc.a(lib_a-printf.o)
                              build/main.o (printf)
/usr/lib/gcc/arm-none-eabi/10.3.1/../../../arm-none-eabi/lib/thumb/nofp/libc.a(lib_a-puts.o)
                              build/app_main.o (puts)
/usr/lib/gcc/arm-none-eabi/10.3.1/../../../arm-none-eabi/lib/thumb/nofp/libc.a(lib_a-strlen-stub.o)
                              build//home/dtriska/FreeRTOSv202212.01/FreeRTOS/Source/tasks.o (strlen)
/usr/lib/gcc/arm-none-eabi/10.3.1/../../../arm-none-eabi/lib/thumb/nofp/libc.a(lib_a-vfprintf.o)
                              /usr/lib/gcc/arm-none-eabi/10.3.1/../../../arm-none-eabi/lib/thumb/nofp/libc.a(lib_a-printf.o) (_vfprintf_r)
/usr/lib/gcc/arm-none-eabi/10.3.1/../../../arm-none-eabi/lib/thumb/nofp/libc.a(lib_a-vprintf.o)
                              build/main.o (vprintf)
/usr/lib/gcc/arm-none-eabi/10.3.1/../../../arm-none-eabi/lib/thumb/nofp/libc.a(lib_a-wsetup.o)
                              /usr/lib/gcc/arm-none-eabi/10.3.1/../../../arm-none-eabi/lib/thumb/nofp/libc.a(lib_a-vfprintf.o) (__swsetup_r)
/usr/lib/gcc/arm-none-eabi/10.3.1/../../../arm-none-eabi/lib/thumb/nofp/libc.a(lib_a-dtoa.o)
                              /usr/lib/gcc/arm-none-eabi/10.3.1/../../../arm-none-eabi/lib/thumb/nofp/libc.a(lib_a-vfprintf.o) (_dtoa_r)
/usr/lib/gcc/arm-none-eabi/10.3.1/../../../arm-none-eabi/lib/thumb/nofp/libc.a(lib_a-fflush.o)
                              /usr/lib/gcc/arm-none-eabi/10.3.1/../../../arm-none-eabi/lib/thumb/nofp/libc.a(lib_a-vfprintf.o) (_fflush_r)
/usr/lib/gcc/arm-none-eabi/10.3.1/../../../arm-none-eabi/lib/thumb/nofp/libc.a(lib_a-findfp.o)
                              /usr/lib/gcc/arm-none-eabi/10.3.1/../../../arm-none-eabi/lib/thumb/nofp/libc.a(lib_a-puts.o) (__sinit)
/usr/lib/gcc/arm-none-eabi/10.3.1/../../../arm-none-eabi/lib/thumb/nofp/libc.a(lib_a-freer.o)
                              /usr/lib/gcc/arm-none-eabi/10.3.1/../../../arm-none-eabi/lib/thumb/nofp/libc.a(lib_a-wsetup.o) (_free_r)
/usr/lib/gcc/arm-none-eabi/10.3.1/../../../arm-none-eabi/lib/thumb/nofp/libc.a(lib_a-fvwrite.o)
                              /usr/lib/gcc/arm-none-eabi/10.3.1/../../../arm-none-eabi/lib/thumb/nofp/libc.a(lib_a-puts.o) (__sfvwrite_r)
/usr/lib/gcc/arm-none-eabi/10.3.1/../../../arm-none-eabi/lib/thumb/nofp/libc.a(lib_a-fwalk.o)
                              /usr/lib/gcc/arm-none-eabi/10.3.1/../../../arm-none-eabi/lib/thumb/nofp/libc.a(lib_a-findfp.o) (_fwalk)
/usr/lib/gcc/arm-none-eabi/10.3.1/../../../arm-none-eabi/lib/thumb/nofp/libc.a(lib_a-impure.o)
                              /usr/lib/gcc/arm-none-eabi/10.3.1/../../../arm-none-eabi/lib/thumb/nofp/libc.a(lib_a-fflush.o) (_global_impure_ptr)
/usr/lib/gcc/arm-none-eabi/10.3.1/../../../arm-none-eabi/lib/thumb/nofp/libc.a(lib_a-localeconv.o)
                              /usr/lib/gcc/arm-none-eabi/10.3.1/../../../arm-none-eabi/lib/thumb/nofp/libc.a(lib_a-vfprintf.o) (_localeconv_r)
/usr/lib/gcc/arm-none-eabi/10.3.1/../../../arm-none-eabi/lib/thumb/nofp/libc.a(lib_a-makebuf.o)
                              /usr/lib/gcc/arm-none-eabi/10.3.1/../../../arm-none-eabi/lib/thumb/nofp/libc.a(lib_a-wsetup.o) (__smakebuf_r)
/usr/lib/gcc/arm-none-eabi/10.3.1/../../../arm-none-eabi/lib/thumb/nofp/libc.a(lib_a-mallocr.o)
                              /usr/lib/gcc/arm-none-eabi/10.3.1/../../../arm-none-eabi/lib/thumb/nofp/libc.a(lib_a-findfp.o) (_malloc_r)
/usr/lib/gcc/arm-none-eabi/10.3.1/../../../arm-none-eabi/lib/thumb/nofp/libc.a(lib_a-memchr-stub.o)
                              /usr/lib/gcc/arm-none-eabi/10.3.1/../../../arm-none-eabi/lib/thumb/nofp/libc.a(lib_a-vfprintf.o) (memchr)
/usr/lib/gcc/arm-none-eabi/10.3.1/../../../arm-none-eabi/lib/thumb/nofp/libc.a(lib_a-memmove.o)
                              /usr/lib/gcc/arm-none-eabi/10.3.1/../../../arm-none-eabi/lib/thumb/nofp/libc.a(lib_a-fvwrite.o) (memmove)
/usr/lib/gcc/arm-none-eabi/10.3.1/../../../arm-none-eabi/lib/thumb/nofp/libc.a(lib_a-mlock.o)
                              /usr/lib/gcc/arm-none-eabi/10.3.1/../../../arm-none-eabi/lib/thumb/nofp/libc.a(lib_a-freer.o) (__malloc_lock)
/usr/lib/gcc/arm-none-eabi/10.3.1/../../../arm-none-eabi/lib/thumb/nofp/libc.a(lib_a-mprec.o)
                              /usr/lib/gcc/arm-none-eabi/10.3.1/../../../arm-none-eabi/lib/thumb/nofp/libc.a(lib_a-dtoa.o) (_Balloc)
/usr/lib/gcc/arm-none-eabi/10.3.1/../../../arm-none-eabi/lib/thumb/nofp/libc.a(lib_a-reallocr.o)
[...]
Memory Configuration

Name             Origin             Length             Attributes
FLASH            0x0000000000000000 0x000000000003ffff xr
RAM              0x0000000020000000 0x00000000007fffff rw
*default*        0x0000000000000000 0xffffffffffffffff

Linker script and memory map

LOAD build/init/startup.o
LOAD build/syscall.o
LOAD build/main.o
LOAD build//home/dtriska/FreeRTOSv202212.01/FreeRTOS/Source/portable/GCC/ARM_CM3_MPU/port.o
LOAD build//home/dtriska/FreeRTOSv202212.01/FreeRTOS/Source/portable/Common/mpu_wrappers.o
LOAD build//home/dtriska/FreeRTOSv202212.01/FreeRTOS/Source/tasks.o
LOAD build//home/dtriska/FreeRTOSv202212.01/FreeRTOS/Source/list.o
LOAD build//home/dtriska/FreeRTOSv202212.01/FreeRTOS/Source/queue.o
LOAD build//home/dtriska/FreeRTOSv202212.01/FreeRTOS/Source/timers.o
LOAD build//home/dtriska/FreeRTOSv202212.01/FreeRTOS/Source/event_groups.o
LOAD build//home/dtriska/FreeRTOSv202212.01/FreeRTOS/Source/portable/MemMang/heap_4.o
LOAD build//home/dtriska/FreeRTOSv202212.01/FreeRTOS/Source/stream_buffer.o
LOAD build/app_main.o
LOAD build/mpu_demo.o
                0x00000000207fffff                _estack = (ORIGIN (RAM) + LENGTH (RAM))
                0x0000000000000200                _Min_Heap_Size = 0x200
                0x0000000000000400                _Min_Stack_Size = 0x400
                0x0000000000000100                M_VECTOR_RAM_SIZE = 0x100
                0x0000000000008000                __privileged_functions_region_size__ = 0x8000
                0x0000000000008000                __privileged_data_region_size__ = 0x8000
                0x0000000000000000                __FLASH_segment_start__ = ORIGIN (FLASH)
                0x000000000003ffff                __FLASH_segment_end__ = (__FLASH_segment_start__ + LENGTH (FLASH))
                0x0000000020000000                __SRAM_segment_start__ = ORIGIN (RAM)
                0x00000000207fffff                __SRAM_segment_end__ = (__SRAM_segment_start__ + LENGTH (RAM))
                0x0000000020000000                __privileged_data_start__ = __SRAM_segment_start__
                0x0000000020008000                __privileged_data_end__ = (__SRAM_segment_start__ + __privileged_data_region_size__)
                0x0000000000000000                __privileged_functions_start__ = __FLASH_segment_start__
                0x0000000000008000                __privileged_functions_end__ = (__FLASH_segment_start__ + __privileged_functions_region_size__)

.privileged_functions
                0x0000000000000000     0x8000
                0x0000000000000000                . = ALIGN (0x4)
 *(.isr_vector)
 .isr_vector    0x0000000000000000       0x78 build/init/startup.o
                0x0000000000000000                isr_vector
                0x0000000000000078                . = ALIGN (0x4)
 *(privileged_functions)
 *fill*         0x0000000000000078        0x8 
 privileged_functions
                0x0000000000000080      0x4c8 build//home/dtriska/FreeRTOSv202212.01/FreeRTOS/Source/portable/GCC/ARM_CM3_MPU/port.o
                0x0000000000000140                pxPortInitialiseStack
                0x000000000000016c                vPortEndScheduler
                0x0000000000000180                vPortStoreTaskMPUSettings
                0x0000000000000260                xPortPendSVHandler
                0x00000000000002e4                xPortSysTickHandler
                0x0000000000000314                vPortSVCHandler
                0x0000000000000324                vPortEnterCritical
                0x0000000000000344                vPortExitCritical
                0x0000000000000364                xPortStartScheduler
 privileged_functions
                0x0000000000000548     0x25a4 build//home/dtriska/FreeRTOSv202212.01/FreeRTOS/Source/tasks.o
                0x0000000000000824                xTaskCreate
                0x0000000000000898                xTaskCreateStatic
                0x0000000000000930                xTaskCreateRestricted
                0x0000000000000990                xTaskCreateRestrictedStatic
                0x0000000000000a00                vTaskAllocateMPURegions
                0x0000000000000a20                vTaskDelete
                0x0000000000000af4                uxTaskPriorityGet
                0x0000000000000b1c                uxTaskPriorityGetFromISR
                0x0000000000000b54                eTaskGetState
                0x0000000000000bc4                vTaskPrioritySet
                0x0000000000000cb0                vTaskResume
                0x0000000000000d54                xTaskResumeFromISR
                0x0000000000000e20                vTaskStartScheduler
                0x0000000000000f1c                vTaskEndScheduler
                0x0000000000000f3c                vTaskSuspendAll
                0x0000000000000f50                xTaskGetTickCount
                0x0000000000000f5c                xTaskGetTickCountFromISR
                0x0000000000000f6c                uxTaskGetNumberOfTasks
                0x0000000000000f78                pcTaskGetName
                0x0000000000000f9c                uxTaskGetStackHighWaterMark
                0x0000000000000fd0                uxTaskGetStackHighWaterMark2
                0x0000000000001004                xTaskGetIdleTaskHandle
                0x0000000000001020                xTaskGenericNotify
                0x0000000000001144                xTaskGenericNotifyFromISR
                0x00000000000012a8                xTaskGenericNotifyWait
                0x0000000000001358                vTaskGenericNotifyGiveFromISR
                0x0000000000001468                ulTaskGenericNotifyTake
                0x00000000000014f4                xTaskGenericNotifyStateClear
                0x0000000000001530                ulTaskGenericNotifyValueClear
                0x0000000000001560                vTaskSetTimeOutState
                0x0000000000001588                xTaskCheckForTimeOut
                0x000000000000160c                xTaskIncrementTick
                0x000000000000176c                xTaskResumeAll
                0x00000000000018c0                vTaskDelay
                0x000000000000193c                xTaskDelayUntil
                0x0000000000001a00                xTaskAbortDelay
                0x0000000000001ae8                vTaskGetInfo
                0x0000000000001bd8                xTaskGetHandle
                0x0000000000002020                xTaskCatchUpTicks
                0x000000000000214c                uxTaskGetSystemState
                0x0000000000002204                vTaskPlaceOnEventList
                0x0000000000002298                vTaskPlaceOnUnorderedEventList
                0x000000000000235c                vTaskPlaceOnEventListRestricted
                0x0000000000002418                xTaskRemoveFromEventList
                0x00000000000024e8                vTaskRemoveFromUnorderedEventList
                0x00000000000025a4                vTaskSwitchContext
                0x00000000000027e8                vTaskSuspend
                0x000000000000289c                uxTaskResetEventItemValue
                0x00000000000028b4                xTaskGetCurrentTaskHandle
                0x00000000000028c0                vTaskMissedYield
                0x00000000000028d0                xTaskGetSchedulerState
                0x00000000000028f0                xTaskPriorityInherit
                0x0000000000002988                xTaskPriorityDisinherit
                0x0000000000002a0c                vTaskPriorityDisinheritAfterTimeout
                0x0000000000002ab0                uxTaskGetTaskNumber
                0x0000000000002ab8                vTaskSetTaskNumber
                0x0000000000002ac0                pvTaskIncrementMutexHeldCount
                0x0000000000002ad8                vTaskInternalSetTimeOutState
 privileged_functions
                0x0000000000002aec       0x90 build//home/dtriska/FreeRTOSv202212.01/FreeRTOS/Source/list.o
                0x0000000000002aec                vListInitialise
                0x0000000000002b04                vListInitialiseItem
                0x0000000000002b0c                vListInsert
                0x0000000000002b3c                vListInsertEnd
                0x0000000000002b58                uxListRemove
 privileged_functions
                0x0000000000002b7c     0x16b8 build//home/dtriska/FreeRTOSv202212.01/FreeRTOS/Source/queue.o
                0x0000000000002b7c                xQueueGenericSend
                0x0000000000002f18                xQueuePeek
                0x00000000000031ec                xQueuePeekFromISR
                0x0000000000003258                xQueueReceive
                0x000000000000352c                uxQueueMessagesWaiting
                0x0000000000003554                uxQueueSpacesAvailable
                0x0000000000003574                vQueueDelete
                0x00000000000035b8                xQueueGenericSendFromISR
                0x0000000000003714                xQueueGiveFromISR
                0x00000000000037c0                xQueueReceiveFromISR
                0x0000000000003880                xQueueIsQueueEmptyFromISR
                0x00000000000038a0                xQueueIsQueueFullFromISR
                0x00000000000038bc                uxQueueMessagesWaitingFromISR
                0x00000000000038d0                xQueueCreateMutex
                0x0000000000003940                xQueueCreateMutexStatic
                0x00000000000039d0                xQueueCreateCountingSemaphore
                0x0000000000003a44                xQueueCreateCountingSemaphoreStatic
                0x0000000000003adc                xQueueSemaphoreTake
                0x0000000000003e00                xQueueGetMutexHolder
                0x0000000000003e28                xQueueGetMutexHolderFromISR
                0x0000000000003e40                xQueueTakeMutexRecursive
                0x0000000000003e74                xQueueGiveMutexRecursive
                0x0000000000003ea8                vQueueAddToRegistry
                0x0000000000003f08                vQueueUnregisterQueue
                0x0000000000003f38                pcQueueGetName
                0x0000000000003f68                xQueueGenericCreate
                0x0000000000003ffc                xQueueGenericCreateStatic
                0x00000000000040d4                vQueueWaitForMessageRestricted
                0x000000000000419c                xQueueGenericReset
                0x0000000000004224                vQueueSetQueueNumber
                0x0000000000004228                uxQueueGetQueueNumber
                0x000000000000422c                ucQueueGetQueueType
 privileged_functions
                0x0000000000004234      0x774 build//home/dtriska/FreeRTOSv202212.01/FreeRTOS/Source/timers.o
                0x000000000000454c                xTimerCreate
                0x0000000000004604                xTimerCreateStatic
                0x00000000000046d8                pvTimerGetTimerID
                0x0000000000004700                vTimerSetTimerID
                0x0000000000004728                xTimerIsTimerActive
                0x0000000000004748                xTimerGetTimerDaemonTaskHandle
                0x0000000000004764                xTimerPendFunctionCallFromISR
                0x0000000000004794                xTimerPendFunctionCall
                0x00000000000047dc                pcTimerGetName
                0x00000000000047f0                vTimerSetReloadMode
                0x0000000000004828                xTimerGetReloadMode
                0x0000000000004848                uxTimerGetReloadMode
                0x0000000000004868                xTimerGetPeriod
                0x000000000000487c                xTimerGetExpiryTime
                0x0000000000004890                xTimerCreateTimerTask
                0x0000000000004930                xTimerGenericCommand
                0x00000000000049a0                vTimerSetTimerNumber
                0x00000000000049a4                uxTimerGetTimerNumber
 privileged_functions
                0x00000000000049a8      0x3fc build//home/dtriska/FreeRTOSv202212.01/FreeRTOS/Source/event_groups.o
                0x00000000000049a8                vEventGroupClearBitsCallback
                0x00000000000049d8                xEventGroupCreate
                0x00000000000049f4                xEventGroupCreateStatic
                0x0000000000004a38                xEventGroupWaitBits
                0x0000000000004b2c                xEventGroupClearBits
                0x0000000000004b5c                xEventGroupClearBitsFromISR
                0x0000000000004b70                xEventGroupSetBits
                0x0000000000004bec                vEventGroupSetBitsCallback
                0x0000000000004bf0                xEventGroupSetBitsFromISR
                0x0000000000004c0c                xEventGroupSync
                0x0000000000004d1c                xEventGroupGetBitsFromISR
                0x0000000000004d38                vEventGroupDelete
                0x0000000000004d98                uxEventGroupGetNumber
                0x0000000000004da0                vEventGroupSetNumber
 privileged_functions
                0x0000000000004da4      0x248 build//home/dtriska/FreeRTOSv202212.01/FreeRTOS/Source/portable/MemMang/heap_4.o
                0x0000000000004da4                pvPortMalloc
                0x0000000000004ef0                pvPortCalloc
                0x0000000000004f18                vPortFree
                0x0000000000004fd0                vPortInitialiseBlocks
                0x0000000000004fd4                xPortGetFreeHeapSize
                0x0000000000004fe0                xPortGetMinimumEverFreeHeapSize
 privileged_functions
                0x0000000000004fec      0xa34 build//home/dtriska/FreeRTOSv202212.01/FreeRTOS/Source/stream_buffer.o
                0x0000000000004fec                xStreamBufferSend
                0x0000000000005230                xStreamBufferSendFromISR
                0x000000000000538c                xStreamBufferReceive
                0x000000000000552c                xStreamBufferReceiveFromISR
                0x000000000000567c                vStreamBufferDelete
                0x00000000000056bc                xStreamBufferIsFull
                0x00000000000056f8                xStreamBufferIsEmpty
                0x0000000000005714                xStreamBufferReset
                0x0000000000005778                xStreamBufferSpacesAvailable
                0x00000000000057a0                xStreamBufferBytesAvailable
                0x00000000000057c0                xStreamBufferSetTriggerLevel
                0x00000000000057e4                xStreamBufferSendCompletedFromISR
                0x000000000000582c                xStreamBufferReceiveCompletedFromISR
                0x0000000000005874                xStreamBufferGenericCreate
                0x00000000000058fc                xStreamBufferGenericCreateStatic
                0x0000000000005998                xStreamBufferNextMessageLengthBytes
                0x0000000000005a10                vStreamBufferSetStreamBufferNumber
                0x0000000000005a14                uxStreamBufferGetStreamBufferNumber
                0x0000000000005a18                ucStreamBufferGetStreamBufferType
                0x0000000000005a20                . = ALIGN (0x4)
 FILL mask 0xdead
                0x0000000000008000                . = __privileged_functions_region_size__
 *fill*         0x0000000000005a20     0x25e0 dead

.text           0x0000000000008000     0x8ef8
                0x0000000000008000                . = ALIGN (0x4)
                0x0000000000008000                __syscalls_flash_start__ = .
 *(freertos_system_calls)
 freertos_system_calls
                0x0000000000008000      0xeb0 build//home/dtriska/FreeRTOSv202212.01/FreeRTOS/Source/portable/Common/mpu_wrappers.o
                0x0000000000008000                MPU_xTaskCreate
                0x000000000000805c                MPU_xTaskCreateStatic
                0x00000000000080bc                MPU_vTaskDelete
                0x00000000000080e0                MPU_vTaskDelay
                0x0000000000008104                MPU_xTaskDelayUntil
                0x0000000000008130                MPU_xTaskAbortDelay
                0x0000000000008158                MPU_uxTaskPriorityGet
                0x0000000000008180                MPU_eTaskGetState
                0x00000000000081a8                MPU_vTaskGetInfo
                0x00000000000081e0                MPU_vTaskPrioritySet
                0x0000000000008208                MPU_vTaskSuspend
                0x000000000000822c                MPU_vTaskResume
                0x0000000000008250                MPU_vTaskSuspendAll
                0x000000000000826c                MPU_xTaskResumeAll
                0x000000000000828c                MPU_xTaskGetTickCount
                0x00000000000082ac                MPU_uxTaskGetNumberOfTasks
                0x00000000000082cc                MPU_pcTaskGetName
                0x00000000000082f4                MPU_xTaskGetHandle
                0x000000000000831c                MPU_uxTaskGetStackHighWaterMark
                0x0000000000008344                MPU_uxTaskGetStackHighWaterMark2
                0x000000000000836c                MPU_xTaskGetIdleTaskHandle
                0x000000000000838c                MPU_uxTaskGetSystemState
                0x00000000000083c0                MPU_xTaskGenericNotify
                0x0000000000008410                MPU_xTaskGenericNotifyWait
                0x0000000000008460                MPU_ulTaskGenericNotifyTake
                0x0000000000008494                MPU_xTaskGenericNotifyStateClear
                0x00000000000084c0                MPU_ulTaskGenericNotifyValueClear
                0x00000000000084f4                MPU_xTaskGetCurrentTaskHandle
                0x0000000000008514                MPU_vTaskSetTimeOutState
                0x0000000000008538                MPU_xTaskCheckForTimeOut
                0x0000000000008564                MPU_xTaskGetSchedulerState
                0x0000000000008584                MPU_xTaskCatchUpTicks
                0x00000000000085ac                MPU_xQueueGenericSend
                0x00000000000085e8                MPU_xQueueReceive
                0x000000000000861c                MPU_xQueuePeek
                0x0000000000008650                MPU_xQueueSemaphoreTake
                0x000000000000867c                MPU_uxQueueMessagesWaiting
                0x00000000000086a4                MPU_uxQueueSpacesAvailable
                0x00000000000086cc                MPU_vQueueDelete
                0x00000000000086f0                MPU_xQueueCreateMutex
                0x0000000000008718                MPU_xQueueCreateMutexStatic
                0x0000000000008744                MPU_xQueueCreateCountingSemaphore
                0x0000000000008770                MPU_xQueueCreateCountingSemaphoreStatic
                0x00000000000087a4                MPU_xQueueGetMutexHolder
                0x00000000000087cc                MPU_xQueueTakeMutexRecursive
                0x00000000000087f8                MPU_xQueueGiveMutexRecursive
                0x0000000000008820                MPU_vQueueAddToRegistry
                0x0000000000008848                MPU_vQueueUnregisterQueue
                0x000000000000886c                MPU_pcQueueGetName
                0x0000000000008894                MPU_xQueueGenericCreate
                0x00000000000088c8                MPU_xQueueGenericCreateStatic
                0x0000000000008918                MPU_xQueueGenericReset
                0x0000000000008944                MPU_pvTimerGetTimerID
                0x000000000000896c                MPU_vTimerSetTimerID
                0x0000000000008994                MPU_xTimerIsTimerActive
                0x00000000000089bc                MPU_xTimerGetTimerDaemonTaskHandle
                0x00000000000089dc                MPU_pcTimerGetName
                0x0000000000008a04                MPU_vTimerSetReloadMode
                0x0000000000008a2c                MPU_uxTimerGetReloadMode
                0x0000000000008a54                MPU_xTimerGetPeriod
                0x0000000000008a7c                MPU_xTimerGetExpiryTime
                0x0000000000008aa4                MPU_xTimerGenericCommand
                0x0000000000008af4                MPU_xEventGroupCreate
                0x0000000000008b14                MPU_xEventGroupCreateStatic
                0x0000000000008b3c                MPU_xEventGroupWaitBits
                0x0000000000008b8c                MPU_xEventGroupClearBits
                0x0000000000008bb8                MPU_xEventGroupSetBits
                0x0000000000008be4                MPU_xEventGroupSync
                0x0000000000008c20                MPU_vEventGroupDelete
                0x0000000000008c44                MPU_xStreamBufferSend
                0x0000000000008c80                MPU_xStreamBufferReceive
                0x0000000000008cbc                MPU_xStreamBufferNextMessageLengthBytes
                0x0000000000008ce4                MPU_vStreamBufferDelete
                0x0000000000008d08                MPU_xStreamBufferIsFull
                0x0000000000008d30                MPU_xStreamBufferIsEmpty
                0x0000000000008d58                MPU_xStreamBufferReset
                0x0000000000008d80                MPU_xStreamBufferSpacesAvailable
                0x0000000000008da8                MPU_xStreamBufferBytesAvailable
                0x0000000000008dd0                MPU_xStreamBufferSetTriggerLevel
                0x0000000000008dfc                MPU_xStreamBufferGenericCreate
                0x0000000000008e4c                MPU_xStreamBufferGenericCreateStatic
                0x0000000000008eb0                __syscalls_flash_end__ = .
                0x0000000000008eb0                . = ALIGN (0x4)
 *(.text)
 .text          0x0000000000008eb0      0x134 build/init/startup.o
                0x0000000000008eb0                Reset_Handler
                0x0000000000008ef8                _start
                0x0000000000008f54                BusFault_Handler
                0x0000000000008f70                UsageFault_Handler
                0x0000000000008f8c                Debug_Handler
                0x0000000000008fa8                prvGetRegistersFromStack
                0x0000000000008fcc                exit
 .text          0x0000000000008fe4       0x90 build/syscall.o
                0x0000000000008fe4                uart_init
                0x0000000000008ff4                _fstat
                0x0000000000008ff8                _read
                0x0000000000009000                _write
                0x0000000000009020                _sbrk
                0x000000000000904c                _close
                0x0000000000009050                _lseek
                0x0000000000009054                _isatty
                0x0000000000009058                _exit
                0x0000000000009068                _kill
                0x000000000000906c                _getpid
 .text          0x0000000000009074       0x40 build/main.o
                0x0000000000009074                vApplicationIdleHook
                0x0000000000009078                vApplicationTickHook
                0x000000000000907c                vAssertCalled
                0x0000000000009098                vLoggingPrintf
 *fill*         0x00000000000090b4        0xc 
 .text          0x00000000000090c0       0x84 build//home/dtriska/FreeRTOSv202212.01/FreeRTOS/Source/portable/GCC/ARM_CM3_MPU/port.o
                0x00000000000090c0                vPortSetupTimerInterrupt
                0x00000000000090d8                xIsPrivileged
                0x00000000000090f0                vResetPrivilege
                0x0000000000009100                vPortValidateInterruptPriority
 .text          0x0000000000009144        0x0 build//home/dtriska/FreeRTOSv202212.01/FreeRTOS/Source/portable/Common/mpu_wrappers.o
 .text          0x0000000000009144        0x0 build//home/dtriska/FreeRTOSv202212.01/FreeRTOS/Source/tasks.o
 .text          0x0000000000009144        0x0 build//home/dtriska/FreeRTOSv202212.01/FreeRTOS/Source/list.o
 .text          0x0000000000009144        0x0 build//home/dtriska/FreeRTOSv202212.01/FreeRTOS/Source/queue.o
 .text          0x0000000000009144        0x0 build//home/dtriska/FreeRTOSv202212.01/FreeRTOS/Source/timers.o
 .text          0x0000000000009144        0x0 build//home/dtriska/FreeRTOSv202212.01/FreeRTOS/Source/event_groups.o
 .text          0x0000000000009144       0x74 build//home/dtriska/FreeRTOSv202212.01/FreeRTOS/Source/portable/MemMang/heap_4.o
                0x0000000000009144                vPortGetHeapStats
 .text          0x00000000000091b8        0x0 build//home/dtriska/FreeRTOSv202212.01/FreeRTOS/Source/stream_buffer.o
 .text          0x00000000000091b8       0x74 build/app_main.o
                0x00000000000091b8                app_main
                0x00000000000091d0                vApplicationStackOverflowHook
                0x00000000000091e0                vApplicationMallocFailedHook
                0x00000000000091f0                vApplicationGetIdleTaskMemory
                0x000000000000920c                vApplicationGetTimerTaskMemory
 .text          0x000000000000922c      0x10c build/mpu_demo.o
                0x000000000000926c                vStartMPUDemo
                0x000000000000930c                vHandleMemoryFault
 .text          0x0000000000009338       0xa8 /usr/lib/gcc/arm-none-eabi/10.3.1/../../../arm-none-eabi/lib/thumb/nofp/libc.a(lib_a-memcpy-stub.o)
                0x0000000000009338                memcpy
 .text          0x00000000000093e0       0xb0 /usr/lib/gcc/arm-none-eabi/10.3.1/../../../arm-none-eabi/lib/thumb/nofp/libc.a(lib_a-memset.o)
                0x00000000000093e0                memset
 .text          0x0000000000009490       0x40 /usr/lib/gcc/arm-none-eabi/10.3.1/../../../arm-none-eabi/lib/thumb/nofp/libc.a(lib_a-printf.o)
                0x0000000000009490                _printf_r
                0x00000000000094ac                printf
 .text          0x00000000000094d0       0x8c /usr/lib/gcc/arm-none-eabi/10.3.1/../../../arm-none-eabi/lib/thumb/nofp/libc.a(lib_a-puts.o)
                0x00000000000094d0                _puts_r
                0x0000000000009544                puts
 .text          0x000000000000955c       0x60 /usr/lib/gcc/arm-none-eabi/10.3.1/../../../arm-none-eabi/lib/thumb/nofp/libc.a(lib_a-strlen-stub.o)
                0x000000000000955c                strlen
 .text          0x00000000000095bc     0x174c /usr/lib/gcc/arm-none-eabi/10.3.1/../../../arm-none-eabi/lib/thumb/nofp/libc.a(lib_a-vfprintf.o)
                0x00000000000095bc                _vfprintf_r
                0x000000000000ac74                vfprintf
 .text          0x000000000000ad08       0x30 /usr/lib/gcc/arm-none-eabi/10.3.1/../../../arm-none-eabi/lib/thumb/nofp/libc.a(lib_a-vprintf.o)
                0x000000000000ad08                vprintf
                0x000000000000ad24                _vprintf_r
 .text          0x000000000000ad38       0xe8 /usr/lib/gcc/arm-none-eabi/10.3.1/../../../arm-none-eabi/lib/thumb/nofp/libc.a(lib_a-wsetup.o)
                0x000000000000ad38                __swsetup_r
 .text          0x000000000000ae20     0x1168 /usr/lib/gcc/arm-none-eabi/10.3.1/../../../arm-none-eabi/lib/thumb/nofp/libc.a(lib_a-dtoa.o)
                0x000000000000af6c                _dtoa_r
 .text          0x000000000000bf88      0x1f4 /usr/lib/gcc/arm-none-eabi/10.3.1/../../../arm-none-eabi/lib/thumb/nofp/libc.a(lib_a-fflush.o)
                0x000000000000bf88                __sflush_r
                0x000000000000c0f0                _fflush_r
                0x000000000000c120                fflush
 .text          0x000000000000c17c      0x268 /usr/lib/gcc/arm-none-eabi/10.3.1/../../../arm-none-eabi/lib/thumb/nofp/libc.a(lib_a-findfp.o)
                0x000000000000c180                _cleanup_r
                0x000000000000c284                __sfmoreglue
                0x000000000000c2b8                __sfp
                0x000000000000c36c                _cleanup
                0x000000000000c388                __sinit
                0x000000000000c39c                __sfp_lock_acquire
                0x000000000000c3a0                __sfp_lock_release
                0x000000000000c3a4                __sinit_lock_acquire
                0x000000000000c3a8                __sinit_lock_release
                0x000000000000c3ac                __fp_lock_all
                0x000000000000c3c8                __fp_unlock_all
 .text          0x000000000000c3e4      0x268 /usr/lib/gcc/arm-none-eabi/10.3.1/../../../arm-none-eabi/lib/thumb/nofp/libc.a(lib_a-freer.o)
                0x000000000000c3e4                _malloc_trim_r
                0x000000000000c484                _free_r
 .text          0x000000000000c64c      0x31c /usr/lib/gcc/arm-none-eabi/10.3.1/../../../arm-none-eabi/lib/thumb/nofp/libc.a(lib_a-fvwrite.o)
                0x000000000000c64c                __sfvwrite_r
 .text          0x000000000000c968       0x9c /usr/lib/gcc/arm-none-eabi/10.3.1/../../../arm-none-eabi/lib/thumb/nofp/libc.a(lib_a-fwalk.o)
                0x000000000000c968                _fwalk
                0x000000000000c9b0                _fwalk_reent
 .text          0x000000000000ca04        0x0 /usr/lib/gcc/arm-none-eabi/10.3.1/../../../arm-none-eabi/lib/thumb/nofp/libc.a(lib_a-impure.o)
 .text          0x000000000000ca04       0x14 /usr/lib/gcc/arm-none-eabi/10.3.1/../../../arm-none-eabi/lib/thumb/nofp/libc.a(lib_a-localeconv.o)
                0x000000000000ca04                __localeconv_l
                0x000000000000ca08                _localeconv_r
                0x000000000000ca10                localeconv
 .text          0x000000000000ca18      0x150 /usr/lib/gcc/arm-none-eabi/10.3.1/../../../arm-none-eabi/lib/thumb/nofp/libc.a(lib_a-makebuf.o)
                0x000000000000ca18                __smakebuf_r
                0x000000000000cb04                __swhatbuf_r
 .text          0x000000000000cb68      0x580 /usr/lib/gcc/arm-none-eabi/10.3.1/../../../arm-none-eabi/lib/thumb/nofp/libc.a(lib_a-mallocr.o)
                0x000000000000cb68                _malloc_r
 .text          0x000000000000d0e8       0x78 /usr/lib/gcc/arm-none-eabi/10.3.1/../../../arm-none-eabi/lib/thumb/nofp/libc.a(lib_a-memchr-stub.o)
                0x000000000000d0e8                memchr
 .text          0x000000000000d160       0xbc /usr/lib/gcc/arm-none-eabi/10.3.1/../../../arm-none-eabi/lib/thumb/nofp/libc.a(lib_a-memmove.o)
                0x000000000000d160                memmove
 .text          0x000000000000d21c        0x8 /usr/lib/gcc/arm-none-eabi/10.3.1/../../../arm-none-eabi/lib/thumb/nofp/libc.a(lib_a-mlock.o)
                0x000000000000d21c                __malloc_lock
                0x000000000000d220                __malloc_unlock
 .text          0x000000000000d224      0xb38 /usr/lib/gcc/arm-none-eabi/10.3.1/../../../arm-none-eabi/lib/thumb/nofp/libc.a(lib_a-mprec.o)
                0x000000000000d224                _Balloc
                0x000000000000d278                _Bfree
                0x000000000000d28c                __multadd
                0x000000000000d338                __s2b
                0x000000000000d3ec                __hi0bits
                0x000000000000d424                __lo0bits
                0x000000000000d480                __i2b
                0x000000000000d4e4                __multiply
                0x000000000000d68c                __pow5mult
                0x000000000000d768                __lshift
                0x000000000000d868                __mcmp
                0x000000000000d8a0                __mdiff
                0x000000000000da30                __ulp
                0x000000000000da78                __b2d
                0x000000000000db44                __d2b
                0x000000000000dc20                __ratio
                0x000000000000dc8c                _mprec_log10
                0x000000000000dcc4                __copybits
                0x000000000000dd08                __any_on
 .text          0x000000000000dd5c      0x3e4 /usr/lib/gcc/arm-none-eabi/10.3.1/../../../arm-none-eabi/lib/thumb/nofp/libc.a(lib_a-reallocr.o)
                0x000000000000dd5c                _realloc_r
 .text          0x000000000000e140       0x28 /usr/lib/gcc/arm-none-eabi/10.3.1/../../../arm-none-eabi/lib/thumb/nofp/libc.a(lib_a-sbrkr.o)
                0x000000000000e140                _sbrk_r
 .text          0x000000000000e168       0xb4 /usr/lib/gcc/arm-none-eabi/10.3.1/../../../arm-none-eabi/lib/thumb/nofp/libc.a(lib_a-stdio.o)
                0x000000000000e168                __sread
                0x000000000000e194                __seofread
                0x000000000000e198                __swrite
                0x000000000000e1dc                __sseek
                0x000000000000e20c                __sclose
 .text          0x000000000000e21c      0xdf0 /usr/lib/gcc/arm-none-eabi/10.3.1/../../../arm-none-eabi/lib/thumb/nofp/libc.a(lib_a-vfiprintf.o)
                0x000000000000e2a8                __sprint_r
                0x000000000000e2c0                _vfiprintf_r
                0x000000000000ef78                vfiprintf
 .text          0x000000000000f00c       0x2c /usr/lib/gcc/arm-none-eabi/10.3.1/../../../arm-none-eabi/lib/thumb/nofp/libc.a(lib_a-writer.o)
                0x000000000000f00c                _write_r
 .text          0x000000000000f038       0x4c /usr/lib/gcc/arm-none-eabi/10.3.1/../../../arm-none-eabi/lib/thumb/nofp/libc.a(lib_a-assert.o)
                0x000000000000f038                __assert_func
                0x000000000000f078                __assert
 .text          0x000000000000f084       0x60 /usr/lib/gcc/arm-none-eabi/10.3.1/../../../arm-none-eabi/lib/thumb/nofp/libc.a(lib_a-callocr.o)
                0x000000000000f084                _calloc_r
 .text          0x000000000000f0e4       0x28 /usr/lib/gcc/arm-none-eabi/10.3.1/../../../arm-none-eabi/lib/thumb/nofp/libc.a(lib_a-closer.o)
                0x000000000000f0e4                _close_r
 .text          0x000000000000f10c       0xf8 /usr/lib/gcc/arm-none-eabi/10.3.1/../../../arm-none-eabi/lib/thumb/nofp/libc.a(lib_a-fclose.o)
                0x000000000000f180                _fclose_r
                0x000000000000f1bc                fclose
 .text          0x000000000000f204       0x3c /usr/lib/gcc/arm-none-eabi/10.3.1/../../../arm-none-eabi/lib/thumb/nofp/libc.a(lib_a-fiprintf.o)
                0x000000000000f204                _fiprintf_r
                0x000000000000f21c                fiprintf
 .text          0x000000000000f240      0x120 /usr/lib/gcc/arm-none-eabi/10.3.1/../../../arm-none-eabi/lib/thumb/nofp/libc.a(lib_a-fputwc.o)
                0x000000000000f240                __fputwc
                0x000000000000f2f4                _fputwc_r
                0x000000000000f318                fputwc
 .text          0x000000000000f360       0x2c /usr/lib/gcc/arm-none-eabi/10.3.1/../../../arm-none-eabi/lib/thumb/nofp/libc.a(lib_a-fstatr.o)
                0x000000000000f360                _fstat_r
 .text          0x000000000000f38c       0x28 /usr/lib/gcc/arm-none-eabi/10.3.1/../../../arm-none-eabi/lib/thumb/nofp/libc.a(lib_a-isattyr.o)
                0x000000000000f38c                _isatty_r
 .text          0x000000000000f3b4       0xa0 /usr/lib/gcc/arm-none-eabi/10.3.1/../../../arm-none-eabi/lib/thumb/nofp/libc.a(lib_a-locale.o)
                0x000000000000f3b4                _setlocale_r
                0x000000000000f3fc                __locale_mb_cur_max
                0x000000000000f40c                setlocale
 .text          0x000000000000f454       0x2c /usr/lib/gcc/arm-none-eabi/10.3.1/../../../arm-none-eabi/lib/thumb/nofp/libc.a(lib_a-lseekr.o)
                0x000000000000f454                _lseek_r
 .text          0x000000000000f480       0x50 /usr/lib/gcc/arm-none-eabi/10.3.1/../../../arm-none-eabi/lib/thumb/nofp/libc.a(lib_a-mbtowc_r.o)
                0x000000000000f480                _mbtowc_r
                0x000000000000f4a0                __ascii_mbtowc
 .text          0x000000000000f4d0       0x2c /usr/lib/gcc/arm-none-eabi/10.3.1/../../../arm-none-eabi/lib/thumb/nofp/libc.a(lib_a-readr.o)
                0x000000000000f4d0                _read_r
 .text          0x000000000000f4fc      0x100 /usr/lib/gcc/arm-none-eabi/10.3.1/../../../arm-none-eabi/lib/thumb/nofp/libc.a(lib_a-reent.o)
                0x000000000000f4fc                cleanup_glue
                0x000000000000f550                _reclaim_reent
 .text          0x000000000000f5fc      0x224 /usr/lib/gcc/arm-none-eabi/10.3.1/../../../arm-none-eabi/lib/thumb/nofp/libc.a(lib_a-strcmp.o)
                0x000000000000f5fc                strcmp
 .text          0x000000000000f820       0xf0 /usr/lib/gcc/arm-none-eabi/10.3.1/../../../arm-none-eabi/lib/thumb/nofp/libc.a(lib_a-wbuf.o)
                0x000000000000f820                __swbuf_r
                0x000000000000f8f4                __swbuf
 .text          0x000000000000f910       0x98 /usr/lib/gcc/arm-none-eabi/10.3.1/../../../arm-none-eabi/lib/thumb/nofp/libc.a(lib_a-wcrtomb.o)
                0x000000000000f910                _wcrtomb_r
                0x000000000000f958                wcrtomb
 .text          0x000000000000f9a8       0x38 /usr/lib/gcc/arm-none-eabi/10.3.1/../../../arm-none-eabi/lib/thumb/nofp/libc.a(lib_a-wctomb_r.o)
                0x000000000000f9a8                _wctomb_r
                0x000000000000f9c0                __ascii_wctomb
 .text          0x000000000000f9e0       0x10 /usr/lib/gcc/arm-none-eabi/10.3.1/../../../arm-none-eabi/lib/thumb/nofp/libc.a(lib_a-abort.o)
                0x000000000000f9e0                abort
 .text          0x000000000000f9f0        0x0 /usr/lib/gcc/arm-none-eabi/10.3.1/../../../arm-none-eabi/lib/thumb/nofp/libc.a(lib_a-ctype_.o)
 .text          0x000000000000f9f0      0x2cc /usr/lib/gcc/arm-none-eabi/10.3.1/../../../arm-none-eabi/lib/thumb/nofp/libc.a(lib_a-signal.o)
                0x000000000000f9f0                _init_signal_r
                0x000000000000fa28                _signal_r
                0x000000000000fa84                _raise_r
                0x000000000000fae4                __sigtramp_r
                0x000000000000fb4c                raise
                0x000000000000fbb0                signal
                0x000000000000fc08                _init_signal
                0x000000000000fc48                __sigtramp
 .text          0x000000000000fcbc       0x38 /usr/lib/gcc/arm-none-eabi/10.3.1/../../../arm-none-eabi/lib/thumb/nofp/libc.a(lib_a-signalr.o)
                0x000000000000fcbc                _kill_r
                0x000000000000fce8                _getpid_r
 .text          0x000000000000fcf4      0x290 /usr/lib/gcc/arm-none-eabi/10.3.1/thumb/nofp/libgcc.a(_arm_muldf3.o)
 .text          0x000000000000ff84      0x11c /usr/lib/gcc/arm-none-eabi/10.3.1/thumb/nofp/libgcc.a(_udivsi3.o)
                0x000000000000ff84                __udivsi3
                0x000000000000ff84                __aeabi_uidiv
                0x0000000000010080                __aeabi_uidivmod
 .text          0x00000000000100a0      0x150 /usr/lib/gcc/arm-none-eabi/10.3.1/thumb/nofp/libgcc.a(_divsi3.o)
                0x00000000000100a0                __aeabi_idiv
                0x00000000000100a0                __divsi3
                0x00000000000101d0                __aeabi_idivmod
 .text          0x00000000000101f0        0x4 /usr/lib/gcc/arm-none-eabi/10.3.1/thumb/nofp/libgcc.a(_dvmd_tls.o)
                0x00000000000101f0                __aeabi_ldiv0
                0x00000000000101f0                __aeabi_idiv0
 .text          0x00000000000101f4      0x424 /usr/lib/gcc/arm-none-eabi/10.3.1/thumb/nofp/libgcc.a(_arm_addsubdf3.o)
                0x00000000000101f4                __aeabi_drsub
                0x00000000000101fc                __aeabi_dsub
                0x00000000000101fc                __subdf3
                0x0000000000010200                __adddf3
                0x0000000000010200                __aeabi_dadd
                0x0000000000010510                __aeabi_ui2d
                0x0000000000010510                __floatunsidf
                0x0000000000010534                __floatsidf
                0x0000000000010534                __aeabi_i2d
                0x000000000001055c                __extendsfdf2
                0x000000000001055c                __aeabi_f2d
                0x00000000000105a4                __aeabi_ul2d
                0x00000000000105a4                __floatundidf
                0x00000000000105b8                __floatdidf
                0x00000000000105b8                __aeabi_l2d
 .text          0x0000000000010618      0x49c /usr/lib/gcc/arm-none-eabi/10.3.1/thumb/nofp/libgcc.a(_arm_muldivdf3.o)
                0x0000000000010618                __aeabi_dmul
                0x0000000000010618                __muldf3
                0x00000000000108a8                __aeabi_ddiv
                0x00000000000108a8                __divdf3
 .text          0x0000000000010ab4      0x144 /usr/lib/gcc/arm-none-eabi/10.3.1/thumb/nofp/libgcc.a(_arm_cmpdf2.o)
                0x0000000000010ab4                __gtdf2
                0x0000000000010ab4                __gedf2
                0x0000000000010abc                __ltdf2
                0x0000000000010abc                __ledf2
                0x0000000000010ac4                __cmpdf2
                0x0000000000010ac4                __eqdf2
                0x0000000000010ac4                __nedf2
                0x0000000000010b4c                __aeabi_cdrcmple
                0x0000000000010b68                __aeabi_cdcmple
                0x0000000000010b68                __aeabi_cdcmpeq
                0x0000000000010b80                __aeabi_dcmpeq
                0x0000000000010b98                __aeabi_dcmplt
                0x0000000000010bb0                __aeabi_dcmple
                0x0000000000010bc8                __aeabi_dcmpge
                0x0000000000010be0                __aeabi_dcmpgt
 .text          0x0000000000010bf8       0x38 /usr/lib/gcc/arm-none-eabi/10.3.1/thumb/nofp/libgcc.a(_arm_unorddf2.o)
                0x0000000000010bf8                __aeabi_dcmpun
                0x0000000000010bf8                __unorddf2
 .text          0x0000000000010c30       0x5c /usr/lib/gcc/arm-none-eabi/10.3.1/thumb/nofp/libgcc.a(_arm_fixdfsi.o)
                0x0000000000010c30                __fixdfsi
                0x0000000000010c30                __aeabi_d2iz
 .text          0x0000000000010c8c       0x3c /usr/lib/gcc/arm-none-eabi/10.3.1/thumb/nofp/libgcc.a(_aeabi_uldivmod.o)
                0x0000000000010c8c                __aeabi_uldivmod
 .text          0x0000000000010cc8      0x19c /usr/lib/gcc/arm-none-eabi/10.3.1/thumb/nofp/libgcc.a(_udivmoddi4.o)
                0x0000000000010cc8                __udivmoddi4
 .text          0x0000000000010e64       0x28 /usr/lib/gcc/arm-none-eabi/10.3.1/thumb/nofp/libgcc.a(_clzdi2.o)
                0x0000000000010e64                __clzdi2
 .text          0x0000000000010e8c       0x48 /usr/lib/gcc/arm-none-eabi/10.3.1/thumb/nofp/libgcc.a(_clzsi2.o)
                0x0000000000010e8c                __clzsi2
 *(.text*)
 .text.startup  0x0000000000010ed4       0x14 build/main.o
                0x0000000000010ed4                main
 .text.startup.__stub
                0x0000000000010ee8       0x10 linker stubs
 *(.glue_7)
 .glue_7        0x0000000000010ef8        0x0 linker stubs
 *(.glue_7t)
 .glue_7t       0x0000000000010ef8        0x0 linker stubs
 *(.eh_frame)
 *(.init)
 *(.fini)
 *(.eh_frame)
                0x0000000000010ef8                . = ALIGN (0x4)
                0x0000000000010ef8                _etext = .

.vfp11_veneer   0x0000000000010ef8        0x0
 .vfp11_veneer  0x0000000000010ef8        0x0 linker stubs

.v4_bx          0x0000000000010ef8        0x0
 .v4_bx         0x0000000000010ef8        0x0 linker stubs

.iplt           0x0000000000010ef8        0x0
 .iplt          0x0000000000010ef8        0x0 build/init/startup.o

.rodata         0x0000000000010ef8      0x714
                0x0000000000010ef8                . = ALIGN (0x4)
 *(.rodata)
 .rodata        0x0000000000010ef8      0x184 /usr/lib/gcc/arm-none-eabi/10.3.1/../../../arm-none-eabi/lib/thumb/nofp/libc.a(lib_a-vfprintf.o)
 .rodata        0x000000000001107c        0x4 /usr/lib/gcc/arm-none-eabi/10.3.1/../../../arm-none-eabi/lib/thumb/nofp/libc.a(lib_a-impure.o)
                0x000000000001107c                _global_impure_ptr
 .rodata        0x0000000000011080      0x128 /usr/lib/gcc/arm-none-eabi/10.3.1/../../../arm-none-eabi/lib/thumb/nofp/libc.a(lib_a-mprec.o)
                0x0000000000011090                __mprec_tinytens
                0x00000000000110b8                __mprec_bigtens
                0x00000000000110e0                __mprec_tens
 .rodata        0x00000000000111a8      0x184 /usr/lib/gcc/arm-none-eabi/10.3.1/../../../arm-none-eabi/lib/thumb/nofp/libc.a(lib_a-vfiprintf.o)
 .rodata        0x000000000001132c      0x101 /usr/lib/gcc/arm-none-eabi/10.3.1/../../../arm-none-eabi/lib/thumb/nofp/libc.a(lib_a-ctype_.o)
                0x000000000001132c                _ctype_
 *(.rodata*)
 *fill*         0x000000000001142d        0x3 
 .rodata.str1.4
                0x0000000000011430        0xc build/main.o
 .rodata.str1.4
                0x000000000001143c        0x5 build//home/dtriska/FreeRTOSv202212.01/FreeRTOS/Source/tasks.o
 *fill*         0x0000000000011441        0x3 
 .rodata.str1.4
                0x0000000000011444       0x10 build//home/dtriska/FreeRTOSv202212.01/FreeRTOS/Source/timers.o
 .rodata.str1.4
                0x0000000000011454       0x82 build/app_main.o
 *fill*         0x00000000000114d6        0x2 
 .rodata.str1.4
                0x00000000000114d8       0x15 build/mpu_demo.o
 *fill*         0x00000000000114ed        0x3 
 .rodata.str1.4
                0x00000000000114f0        0x2 /usr/lib/gcc/arm-none-eabi/10.3.1/../../../arm-none-eabi/lib/thumb/nofp/libc.a(lib_a-puts.o)
 *fill*         0x00000000000114f2        0x2 
 .rodata.str1.4
                0x00000000000114f4       0x42 /usr/lib/gcc/arm-none-eabi/10.3.1/../../../arm-none-eabi/lib/thumb/nofp/libc.a(lib_a-vfprintf.o)
 *fill*         0x0000000000011536        0x2 
 .rodata.str1.4
                0x0000000000011538       0x53 /usr/lib/gcc/arm-none-eabi/10.3.1/../../../arm-none-eabi/lib/thumb/nofp/libc.a(lib_a-dtoa.o)
                                         0x57 (size before relaxing)
 *fill*         0x000000000001158b        0x1 
 .rodata.str1.4
                0x000000000001158c       0x30 /usr/lib/gcc/arm-none-eabi/10.3.1/../../../arm-none-eabi/lib/thumb/nofp/libc.a(lib_a-mprec.o)
                                         0x44 (size before relaxing)
 .rodata.str1.4
                0x00000000000115bc       0x2f /usr/lib/gcc/arm-none-eabi/10.3.1/../../../arm-none-eabi/lib/thumb/nofp/libc.a(lib_a-vfiprintf.o)
 .rodata.str1.4
                0x00000000000115bc       0x3f /usr/lib/gcc/arm-none-eabi/10.3.1/../../../arm-none-eabi/lib/thumb/nofp/libc.a(lib_a-assert.o)
                                         0x43 (size before relaxing)
 *fill*         0x00000000000115fb        0x1 
 .rodata.str1.4
                0x00000000000115fc        0xe /usr/lib/gcc/arm-none-eabi/10.3.1/../../../arm-none-eabi/lib/thumb/nofp/libc.a(lib_a-locale.o)
                                         0x12 (size before relaxing)
                0x000000000001160c                . = ALIGN (0x4)
 *fill*         0x000000000001160a        0x2 

.ARM.extab      0x000000000001160c        0x0
                0x000000000001160c                . = ALIGN (0x4)
 *(.ARM.extab* .gnu.linkonce.armextab.*)
 .ARM.extab     0x000000000001160c        0x0 /usr/lib/gcc/arm-none-eabi/10.3.1/thumb/nofp/libgcc.a(_udivmoddi4.o)
                0x000000000001160c                . = ALIGN (0x4)

.ARM            0x000000000001160c        0x8
                0x000000000001160c                . = ALIGN (0x4)
                0x000000000001160c                __exidx_start = .
 *(.ARM.exidx*)
 .ARM.exidx     0x000000000001160c        0x8 /usr/lib/gcc/arm-none-eabi/10.3.1/thumb/nofp/libgcc.a(_udivmoddi4.o)
                0x0000000000011614                __exidx_end = .
                0x0000000000011614                . = ALIGN (0x4)

.rel.dyn        0x0000000000011614        0x0
 .rel.iplt      0x0000000000011614        0x0 build/init/startup.o

.preinit_array  0x0000000000011614        0x0
                0x0000000000011614                . = ALIGN (0x4)
                [!provide]                        PROVIDE (__preinit_array_start = .)
 *(.preinit_array*)
                [!provide]                        PROVIDE (__preinit_array_end = .)
                0x0000000000011614                . = ALIGN (0x4)

.init_array     0x0000000000011614        0x0
                0x0000000000011614                . = ALIGN (0x4)
                [!provide]                        PROVIDE (__init_array_start = .)
 *(SORT_BY_NAME(.init_array.*))
 *(.init_array*)
                [!provide]                        PROVIDE (__init_array_end = .)
                0x0000000000011614                . = ALIGN (0x4)

.fini_array     0x0000000000011614        0x0
                0x0000000000011614                . = ALIGN (0x4)
                [!provide]                        PROVIDE (__fini_array_start = .)
 *(SORT_BY_NAME(.fini_array.*))
 *(.fini_array*)
                [!provide]                        PROVIDE (__fini_array_end = .)
                0x0000000000011614                . = ALIGN (0x4)
                0x0000000000011614                _sidata = LOADADDR (.privileged_data)

.privileged_data
                0x0000000020000000     0x8000 load address 0x0000000000011614
                0x0000000020000000                . = ALIGN (0x4)
                0x0000000020000000                _sdata = .
 *(privileged_data)
 privileged_data
                0x0000000020000000      0x168 build//home/dtriska/FreeRTOSv202212.01/FreeRTOS/Source/tasks.o
                0x0000000020000004                pxCurrentTCB
 privileged_data
                0x0000000020000168       0xa0 build//home/dtriska/FreeRTOSv202212.01/FreeRTOS/Source/queue.o
                0x0000000020000168                xQueueRegistry
 privileged_data
                0x0000000020000208       0xdc build//home/dtriska/FreeRTOSv202212.01/FreeRTOS/Source/timers.o
 privileged_data
                0x00000000200002e4      0x41c build//home/dtriska/FreeRTOSv202212.01/FreeRTOS/Source/portable/MemMang/heap_4.o
                0x0000000020000700                . = ALIGN (0x4)
 FILL mask 0xdead
                0x0000000000008000                . = __privileged_data_region_size__
 *fill*         0x0000000020000700     0x7900 dead

.data           0x0000000020008000      0x9b4 load address 0x0000000000019614
                0x0000000020008000                . = ALIGN (0x4)
 *(.data)
 .data          0x0000000020008000        0x0 build/init/startup.o
 .data          0x0000000020008000        0x0 build/syscall.o
 .data          0x0000000020008000        0x0 build/main.o
 .data          0x0000000020008000        0x4 build//home/dtriska/FreeRTOSv202212.01/FreeRTOS/Source/portable/GCC/ARM_CM3_MPU/port.o
 .data          0x0000000020008004        0x0 build//home/dtriska/FreeRTOSv202212.01/FreeRTOS/Source/portable/Common/mpu_wrappers.o
 .data          0x0000000020008004        0x4 build//home/dtriska/FreeRTOSv202212.01/FreeRTOS/Source/tasks.o
                0x0000000020008004                uxTopUsedPriority
 .data          0x0000000020008008        0x0 build//home/dtriska/FreeRTOSv202212.01/FreeRTOS/Source/list.o
 .data          0x0000000020008008        0x0 build//home/dtriska/FreeRTOSv202212.01/FreeRTOS/Source/queue.o
 .data          0x0000000020008008        0x0 build//home/dtriska/FreeRTOSv202212.01/FreeRTOS/Source/timers.o
 .data          0x0000000020008008        0x0 build//home/dtriska/FreeRTOSv202212.01/FreeRTOS/Source/event_groups.o
 .data          0x0000000020008008        0x0 build//home/dtriska/FreeRTOSv202212.01/FreeRTOS/Source/portable/MemMang/heap_4.o
 .data          0x0000000020008008        0x0 build//home/dtriska/FreeRTOSv202212.01/FreeRTOS/Source/stream_buffer.o
 .data          0x0000000020008008        0x0 build/app_main.o
 .data          0x0000000020008008        0x0 build/mpu_demo.o
 .data          0x0000000020008008        0x0 /usr/lib/gcc/arm-none-eabi/10.3.1/../../../arm-none-eabi/lib/thumb/nofp/libc.a(lib_a-memcpy-stub.o)
 .data          0x0000000020008008        0x0 /usr/lib/gcc/arm-none-eabi/10.3.1/../../../arm-none-eabi/lib/thumb/nofp/libc.a(lib_a-memset.o)
 .data          0x0000000020008008        0x0 /usr/lib/gcc/arm-none-eabi/10.3.1/../../../arm-none-eabi/lib/thumb/nofp/libc.a(lib_a-printf.o)
 .data          0x0000000020008008        0x0 /usr/lib/gcc/arm-none-eabi/10.3.1/../../../arm-none-eabi/lib/thumb/nofp/libc.a(lib_a-puts.o)
 .data          0x0000000020008008        0x0 /usr/lib/gcc/arm-none-eabi/10.3.1/../../../arm-none-eabi/lib/thumb/nofp/libc.a(lib_a-strlen-stub.o)
 .data          0x0000000020008008        0x0 /usr/lib/gcc/arm-none-eabi/10.3.1/../../../arm-none-eabi/lib/thumb/nofp/libc.a(lib_a-vfprintf.o)
 .data          0x0000000020008008        0x0 /usr/lib/gcc/arm-none-eabi/10.3.1/../../../arm-none-eabi/lib/thumb/nofp/libc.a(lib_a-vprintf.o)
 .data          0x0000000020008008        0x0 /usr/lib/gcc/arm-none-eabi/10.3.1/../../../arm-none-eabi/lib/thumb/nofp/libc.a(lib_a-wsetup.o)
 .data          0x0000000020008008        0x0 /usr/lib/gcc/arm-none-eabi/10.3.1/../../../arm-none-eabi/lib/thumb/nofp/libc.a(lib_a-dtoa.o)
 .data          0x0000000020008008        0x0 /usr/lib/gcc/arm-none-eabi/10.3.1/../../../arm-none-eabi/lib/thumb/nofp/libc.a(lib_a-fflush.o)
 .data          0x0000000020008008        0x0 /usr/lib/gcc/arm-none-eabi/10.3.1/../../../arm-none-eabi/lib/thumb/nofp/libc.a(lib_a-findfp.o)
 .data          0x0000000020008008        0x0 /usr/lib/gcc/arm-none-eabi/10.3.1/../../../arm-none-eabi/lib/thumb/nofp/libc.a(lib_a-freer.o)
 .data          0x0000000020008008        0x0 /usr/lib/gcc/arm-none-eabi/10.3.1/../../../arm-none-eabi/lib/thumb/nofp/libc.a(lib_a-fvwrite.o)
 .data          0x0000000020008008        0x0 /usr/lib/gcc/arm-none-eabi/10.3.1/../../../arm-none-eabi/lib/thumb/nofp/libc.a(lib_a-fwalk.o)
 .data          0x0000000020008008      0x430 /usr/lib/gcc/arm-none-eabi/10.3.1/../../../arm-none-eabi/lib/thumb/nofp/libc.a(lib_a-impure.o)
                0x0000000020008008                _impure_ptr
 .data          0x0000000020008438        0x0 /usr/lib/gcc/arm-none-eabi/10.3.1/../../../arm-none-eabi/lib/thumb/nofp/libc.a(lib_a-localeconv.o)
 .data          0x0000000020008438        0x0 /usr/lib/gcc/arm-none-eabi/10.3.1/../../../arm-none-eabi/lib/thumb/nofp/libc.a(lib_a-makebuf.o)
 .data          0x0000000020008438      0x410 /usr/lib/gcc/arm-none-eabi/10.3.1/../../../arm-none-eabi/lib/thumb/nofp/libc.a(lib_a-mallocr.o)
                0x0000000020008438                __malloc_sbrk_base
                0x000000002000843c                __malloc_trim_threshold
                0x0000000020008440                __malloc_av_
 .data          0x0000000020008848        0x0 /usr/lib/gcc/arm-none-eabi/10.3.1/../../../arm-none-eabi/lib/thumb/nofp/libc.a(lib_a-memchr-stub.o)
 .data          0x0000000020008848        0x0 /usr/lib/gcc/arm-none-eabi/10.3.1/../../../arm-none-eabi/lib/thumb/nofp/libc.a(lib_a-memmove.o)
 .data          0x0000000020008848        0x0 /usr/lib/gcc/arm-none-eabi/10.3.1/../../../arm-none-eabi/lib/thumb/nofp/libc.a(lib_a-mlock.o)
 .data          0x0000000020008848        0x0 /usr/lib/gcc/arm-none-eabi/10.3.1/../../../arm-none-eabi/lib/thumb/nofp/libc.a(lib_a-mprec.o)
 .data          0x0000000020008848        0x0 /usr/lib/gcc/arm-none-eabi/10.3.1/../../../arm-none-eabi/lib/thumb/nofp/libc.a(lib_a-reallocr.o)
 .data          0x0000000020008848        0x0 /usr/lib/gcc/arm-none-eabi/10.3.1/../../../arm-none-eabi/lib/thumb/nofp/libc.a(lib_a-sbrkr.o)
 .data          0x0000000020008848        0x0 /usr/lib/gcc/arm-none-eabi/10.3.1/../../../arm-none-eabi/lib/thumb/nofp/libc.a(lib_a-stdio.o)
 .data          0x0000000020008848        0x0 /usr/lib/gcc/arm-none-eabi/10.3.1/../../../arm-none-eabi/lib/thumb/nofp/libc.a(lib_a-vfiprintf.o)
 .data          0x0000000020008848        0x0 /usr/lib/gcc/arm-none-eabi/10.3.1/../../../arm-none-eabi/lib/thumb/nofp/libc.a(lib_a-writer.o)
 .data          0x0000000020008848        0x0 /usr/lib/gcc/arm-none-eabi/10.3.1/../../../arm-none-eabi/lib/thumb/nofp/libc.a(lib_a-assert.o)
 .data          0x0000000020008848        0x0 /usr/lib/gcc/arm-none-eabi/10.3.1/../../../arm-none-eabi/lib/thumb/nofp/libc.a(lib_a-callocr.o)
 .data          0x0000000020008848        0x0 /usr/lib/gcc/arm-none-eabi/10.3.1/../../../arm-none-eabi/lib/thumb/nofp/libc.a(lib_a-closer.o)
 .data          0x0000000020008848        0x0 /usr/lib/gcc/arm-none-eabi/10.3.1/../../../arm-none-eabi/lib/thumb/nofp/libc.a(lib_a-fclose.o)
 .data          0x0000000020008848        0x0 /usr/lib/gcc/arm-none-eabi/10.3.1/../../../arm-none-eabi/lib/thumb/nofp/libc.a(lib_a-fiprintf.o)
 .data          0x0000000020008848        0x0 /usr/lib/gcc/arm-none-eabi/10.3.1/../../../arm-none-eabi/lib/thumb/nofp/libc.a(lib_a-fputwc.o)
 .data          0x0000000020008848        0x0 /usr/lib/gcc/arm-none-eabi/10.3.1/../../../arm-none-eabi/lib/thumb/nofp/libc.a(lib_a-fstatr.o)
 .data          0x0000000020008848        0x0 /usr/lib/gcc/arm-none-eabi/10.3.1/../../../arm-none-eabi/lib/thumb/nofp/libc.a(lib_a-isattyr.o)
 .data          0x0000000020008848      0x16c /usr/lib/gcc/arm-none-eabi/10.3.1/../../../arm-none-eabi/lib/thumb/nofp/libc.a(lib_a-locale.o)
                0x0000000020008848                __global_locale
 .data          0x00000000200089b4        0x0 /usr/lib/gcc/arm-none-eabi/10.3.1/../../../arm-none-eabi/lib/thumb/nofp/libc.a(lib_a-lseekr.o)
 .data          0x00000000200089b4        0x0 /usr/lib/gcc/arm-none-eabi/10.3.1/../../../arm-none-eabi/lib/thumb/nofp/libc.a(lib_a-mbtowc_r.o)
 .data          0x00000000200089b4        0x0 /usr/lib/gcc/arm-none-eabi/10.3.1/../../../arm-none-eabi/lib/thumb/nofp/libc.a(lib_a-readr.o)
 .data          0x00000000200089b4        0x0 /usr/lib/gcc/arm-none-eabi/10.3.1/../../../arm-none-eabi/lib/thumb/nofp/libc.a(lib_a-reent.o)
 .data          0x00000000200089b4        0x0 /usr/lib/gcc/arm-none-eabi/10.3.1/../../../arm-none-eabi/lib/thumb/nofp/libc.a(lib_a-strcmp.o)
 .data          0x00000000200089b4        0x0 /usr/lib/gcc/arm-none-eabi/10.3.1/../../../arm-none-eabi/lib/thumb/nofp/libc.a(lib_a-wbuf.o)
 .data          0x00000000200089b4        0x0 /usr/lib/gcc/arm-none-eabi/10.3.1/../../../arm-none-eabi/lib/thumb/nofp/libc.a(lib_a-wcrtomb.o)
 .data          0x00000000200089b4        0x0 /usr/lib/gcc/arm-none-eabi/10.3.1/../../../arm-none-eabi/lib/thumb/nofp/libc.a(lib_a-wctomb_r.o)
 .data          0x00000000200089b4        0x0 /usr/lib/gcc/arm-none-eabi/10.3.1/../../../arm-none-eabi/lib/thumb/nofp/libc.a(lib_a-abort.o)
 .data          0x00000000200089b4        0x0 /usr/lib/gcc/arm-none-eabi/10.3.1/../../../arm-none-eabi/lib/thumb/nofp/libc.a(lib_a-ctype_.o)
 .data          0x00000000200089b4        0x0 /usr/lib/gcc/arm-none-eabi/10.3.1/../../../arm-none-eabi/lib/thumb/nofp/libc.a(lib_a-signal.o)
 .data          0x00000000200089b4        0x0 /usr/lib/gcc/arm-none-eabi/10.3.1/../../../arm-none-eabi/lib/thumb/nofp/libc.a(lib_a-signalr.o)
 .data          0x00000000200089b4        0x0 /usr/lib/gcc/arm-none-eabi/10.3.1/thumb/nofp/libgcc.a(_arm_muldf3.o)
 .data          0x00000000200089b4        0x0 /usr/lib/gcc/arm-none-eabi/10.3.1/thumb/nofp/libgcc.a(_udivsi3.o)
 .data          0x00000000200089b4        0x0 /usr/lib/gcc/arm-none-eabi/10.3.1/thumb/nofp/libgcc.a(_divsi3.o)
 .data          0x00000000200089b4        0x0 /usr/lib/gcc/arm-none-eabi/10.3.1/thumb/nofp/libgcc.a(_dvmd_tls.o)
 .data          0x00000000200089b4        0x0 /usr/lib/gcc/arm-none-eabi/10.3.1/thumb/nofp/libgcc.a(_arm_addsubdf3.o)
 .data          0x00000000200089b4        0x0 /usr/lib/gcc/arm-none-eabi/10.3.1/thumb/nofp/libgcc.a(_arm_muldivdf3.o)
 .data          0x00000000200089b4        0x0 /usr/lib/gcc/arm-none-eabi/10.3.1/thumb/nofp/libgcc.a(_arm_cmpdf2.o)
 .data          0x00000000200089b4        0x0 /usr/lib/gcc/arm-none-eabi/10.3.1/thumb/nofp/libgcc.a(_arm_unorddf2.o)
 .data          0x00000000200089b4        0x0 /usr/lib/gcc/arm-none-eabi/10.3.1/thumb/nofp/libgcc.a(_arm_fixdfsi.o)
 .data          0x00000000200089b4        0x0 /usr/lib/gcc/arm-none-eabi/10.3.1/thumb/nofp/libgcc.a(_aeabi_uldivmod.o)
 .data          0x00000000200089b4        0x0 /usr/lib/gcc/arm-none-eabi/10.3.1/thumb/nofp/libgcc.a(_udivmoddi4.o)
 .data          0x00000000200089b4        0x0 /usr/lib/gcc/arm-none-eabi/10.3.1/thumb/nofp/libgcc.a(_clzdi2.o)
 .data          0x00000000200089b4        0x0 /usr/lib/gcc/arm-none-eabi/10.3.1/thumb/nofp/libgcc.a(_clzsi2.o)
 *(.data*)
                0x00000000200089b4                . = ALIGN (0x4)
                0x00000000200089b4                _edata = .

.igot.plt       0x00000000200089b4        0x0 load address 0x0000000000019fc8
 .igot.plt      0x00000000200089b4        0x0 build/init/startup.o
                0x00000000200089b4                . = ALIGN (0x4)

.bss            0x0000000020009000     0x343c load address 0x0000000000019fc8
                0x0000000020009000                _sbss = .
                0x0000000020009000                __bss_start__ = _sbss
 *(.bss)
 .bss           0x0000000020009000        0x0 build/init/startup.o
 .bss           0x0000000020009000        0x4 build/syscall.o
 .bss           0x0000000020009004        0x0 build/main.o
 .bss           0x0000000020009004        0x8 build//home/dtriska/FreeRTOSv202212.01/FreeRTOS/Source/portable/GCC/ARM_CM3_MPU/port.o
 .bss           0x000000002000900c        0x0 build//home/dtriska/FreeRTOSv202212.01/FreeRTOS/Source/portable/Common/mpu_wrappers.o
 .bss           0x000000002000900c        0x0 build//home/dtriska/FreeRTOSv202212.01/FreeRTOS/Source/tasks.o
 .bss           0x000000002000900c        0x0 build//home/dtriska/FreeRTOSv202212.01/FreeRTOS/Source/list.o
 .bss           0x000000002000900c        0x0 build//home/dtriska/FreeRTOSv202212.01/FreeRTOS/Source/queue.o
 .bss           0x000000002000900c        0x0 build//home/dtriska/FreeRTOSv202212.01/FreeRTOS/Source/timers.o
 .bss           0x000000002000900c        0x0 build//home/dtriska/FreeRTOSv202212.01/FreeRTOS/Source/event_groups.o
 .bss           0x000000002000900c        0x0 build//home/dtriska/FreeRTOSv202212.01/FreeRTOS/Source/portable/MemMang/heap_4.o
 .bss           0x000000002000900c        0x0 build//home/dtriska/FreeRTOSv202212.01/FreeRTOS/Source/stream_buffer.o
 .bss           0x000000002000900c      0x8f0 build/app_main.o
 *fill*         0x00000000200098fc      0x704 
 .bss           0x000000002000a000     0x2400 build/mpu_demo.o
 .bss           0x000000002000c400        0x0 /usr/lib/gcc/arm-none-eabi/10.3.1/../../../arm-none-eabi/lib/thumb/nofp/libc.a(lib_a-memcpy-stub.o)
 .bss           0x000000002000c400        0x0 /usr/lib/gcc/arm-none-eabi/10.3.1/../../../arm-none-eabi/lib/thumb/nofp/libc.a(lib_a-memset.o)
 .bss           0x000000002000c400        0x0 /usr/lib/gcc/arm-none-eabi/10.3.1/../../../arm-none-eabi/lib/thumb/nofp/libc.a(lib_a-printf.o)
 .bss           0x000000002000c400        0x0 /usr/lib/gcc/arm-none-eabi/10.3.1/../../../arm-none-eabi/lib/thumb/nofp/libc.a(lib_a-puts.o)
 .bss           0x000000002000c400        0x0 /usr/lib/gcc/arm-none-eabi/10.3.1/../../../arm-none-eabi/lib/thumb/nofp/libc.a(lib_a-strlen-stub.o)
 .bss           0x000000002000c400        0x0 /usr/lib/gcc/arm-none-eabi/10.3.1/../../../arm-none-eabi/lib/thumb/nofp/libc.a(lib_a-vfprintf.o)
 .bss           0x000000002000c400        0x0 /usr/lib/gcc/arm-none-eabi/10.3.1/../../../arm-none-eabi/lib/thumb/nofp/libc.a(lib_a-vprintf.o)
 .bss           0x000000002000c400        0x0 /usr/lib/gcc/arm-none-eabi/10.3.1/../../../arm-none-eabi/lib/thumb/nofp/libc.a(lib_a-wsetup.o)
 .bss           0x000000002000c400        0x0 /usr/lib/gcc/arm-none-eabi/10.3.1/../../../arm-none-eabi/lib/thumb/nofp/libc.a(lib_a-dtoa.o)
 .bss           0x000000002000c400        0x0 /usr/lib/gcc/arm-none-eabi/10.3.1/../../../arm-none-eabi/lib/thumb/nofp/libc.a(lib_a-fflush.o)
 .bss           0x000000002000c400        0x0 /usr/lib/gcc/arm-none-eabi/10.3.1/../../../arm-none-eabi/lib/thumb/nofp/libc.a(lib_a-findfp.o)
 .bss           0x000000002000c400        0x0 /usr/lib/gcc/arm-none-eabi/10.3.1/../../../arm-none-eabi/lib/thumb/nofp/libc.a(lib_a-freer.o)
 .bss           0x000000002000c400        0x0 /usr/lib/gcc/arm-none-eabi/10.3.1/../../../arm-none-eabi/lib/thumb/nofp/libc.a(lib_a-fvwrite.o)
 .bss           0x000000002000c400        0x0 /usr/lib/gcc/arm-none-eabi/10.3.1/../../../arm-none-eabi/lib/thumb/nofp/libc.a(lib_a-fwalk.o)
 .bss           0x000000002000c400        0x0 /usr/lib/gcc/arm-none-eabi/10.3.1/../../../arm-none-eabi/lib/thumb/nofp/libc.a(lib_a-impure.o)
 .bss           0x000000002000c400        0x0 /usr/lib/gcc/arm-none-eabi/10.3.1/../../../arm-none-eabi/lib/thumb/nofp/libc.a(lib_a-localeconv.o)
 .bss           0x000000002000c400        0x0 /usr/lib/gcc/arm-none-eabi/10.3.1/../../../arm-none-eabi/lib/thumb/nofp/libc.a(lib_a-makebuf.o)
 .bss           0x000000002000c400       0x34 /usr/lib/gcc/arm-none-eabi/10.3.1/../../../arm-none-eabi/lib/thumb/nofp/libc.a(lib_a-mallocr.o)
                0x000000002000c400                __malloc_top_pad
                0x000000002000c404                __malloc_current_mallinfo
                0x000000002000c42c                __malloc_max_sbrked_mem
                0x000000002000c430                __malloc_max_total_mem
 .bss           0x000000002000c434        0x0 /usr/lib/gcc/arm-none-eabi/10.3.1/../../../arm-none-eabi/lib/thumb/nofp/libc.a(lib_a-memchr-stub.o)
 .bss           0x000000002000c434        0x0 /usr/lib/gcc/arm-none-eabi/10.3.1/../../../arm-none-eabi/lib/thumb/nofp/libc.a(lib_a-memmove.o)
 .bss           0x000000002000c434        0x0 /usr/lib/gcc/arm-none-eabi/10.3.1/../../../arm-none-eabi/lib/thumb/nofp/libc.a(lib_a-mlock.o)
 .bss           0x000000002000c434        0x0 /usr/lib/gcc/arm-none-eabi/10.3.1/../../../arm-none-eabi/lib/thumb/nofp/libc.a(lib_a-mprec.o)
 .bss           0x000000002000c434        0x0 /usr/lib/gcc/arm-none-eabi/10.3.1/../../../arm-none-eabi/lib/thumb/nofp/libc.a(lib_a-reallocr.o)
 .bss           0x000000002000c434        0x0 /usr/lib/gcc/arm-none-eabi/10.3.1/../../../arm-none-eabi/lib/thumb/nofp/libc.a(lib_a-sbrkr.o)
 .bss           0x000000002000c434        0x0 /usr/lib/gcc/arm-none-eabi/10.3.1/../../../arm-none-eabi/lib/thumb/nofp/libc.a(lib_a-stdio.o)
 .bss           0x000000002000c434        0x0 /usr/lib/gcc/arm-none-eabi/10.3.1/../../../arm-none-eabi/lib/thumb/nofp/libc.a(lib_a-vfiprintf.o)
 .bss           0x000000002000c434        0x0 /usr/lib/gcc/arm-none-eabi/10.3.1/../../../arm-none-eabi/lib/thumb/nofp/libc.a(lib_a-writer.o)
 .bss           0x000000002000c434        0x0 /usr/lib/gcc/arm-none-eabi/10.3.1/../../../arm-none-eabi/lib/thumb/nofp/libc.a(lib_a-assert.o)
 .bss           0x000000002000c434        0x0 /usr/lib/gcc/arm-none-eabi/10.3.1/../../../arm-none-eabi/lib/thumb/nofp/libc.a(lib_a-callocr.o)
 .bss           0x000000002000c434        0x0 /usr/lib/gcc/arm-none-eabi/10.3.1/../../../arm-none-eabi/lib/thumb/nofp/libc.a(lib_a-closer.o)
 .bss           0x000000002000c434        0x0 /usr/lib/gcc/arm-none-eabi/10.3.1/../../../arm-none-eabi/lib/thumb/nofp/libc.a(lib_a-fclose.o)
 .bss           0x000000002000c434        0x0 /usr/lib/gcc/arm-none-eabi/10.3.1/../../../arm-none-eabi/lib/thumb/nofp/libc.a(lib_a-fiprintf.o)
 .bss           0x000000002000c434        0x0 /usr/lib/gcc/arm-none-eabi/10.3.1/../../../arm-none-eabi/lib/thumb/nofp/libc.a(lib_a-fputwc.o)
 .bss           0x000000002000c434        0x0 /usr/lib/gcc/arm-none-eabi/10.3.1/../../../arm-none-eabi/lib/thumb/nofp/libc.a(lib_a-fstatr.o)
 .bss           0x000000002000c434        0x0 /usr/lib/gcc/arm-none-eabi/10.3.1/../../../arm-none-eabi/lib/thumb/nofp/libc.a(lib_a-isattyr.o)
 .bss           0x000000002000c434        0x4 /usr/lib/gcc/arm-none-eabi/10.3.1/../../../arm-none-eabi/lib/thumb/nofp/libc.a(lib_a-locale.o)
                0x000000002000c434                _PathLocale
 .bss           0x000000002000c438        0x0 /usr/lib/gcc/arm-none-eabi/10.3.1/../../../arm-none-eabi/lib/thumb/nofp/libc.a(lib_a-lseekr.o)
 .bss           0x000000002000c438        0x0 /usr/lib/gcc/arm-none-eabi/10.3.1/../../../arm-none-eabi/lib/thumb/nofp/libc.a(lib_a-mbtowc_r.o)
 .bss           0x000000002000c438        0x0 /usr/lib/gcc/arm-none-eabi/10.3.1/../../../arm-none-eabi/lib/thumb/nofp/libc.a(lib_a-readr.o)
 .bss           0x000000002000c438        0x4 /usr/lib/gcc/arm-none-eabi/10.3.1/../../../arm-none-eabi/lib/thumb/nofp/libc.a(lib_a-reent.o)
                0x000000002000c438                errno
 .bss           0x000000002000c43c        0x0 /usr/lib/gcc/arm-none-eabi/10.3.1/../../../arm-none-eabi/lib/thumb/nofp/libc.a(lib_a-strcmp.o)
 .bss           0x000000002000c43c        0x0 /usr/lib/gcc/arm-none-eabi/10.3.1/../../../arm-none-eabi/lib/thumb/nofp/libc.a(lib_a-wbuf.o)
 .bss           0x000000002000c43c        0x0 /usr/lib/gcc/arm-none-eabi/10.3.1/../../../arm-none-eabi/lib/thumb/nofp/libc.a(lib_a-wcrtomb.o)
 .bss           0x000000002000c43c        0x0 /usr/lib/gcc/arm-none-eabi/10.3.1/../../../arm-none-eabi/lib/thumb/nofp/libc.a(lib_a-wctomb_r.o)
 .bss           0x000000002000c43c        0x0 /usr/lib/gcc/arm-none-eabi/10.3.1/../../../arm-none-eabi/lib/thumb/nofp/libc.a(lib_a-abort.o)
 .bss           0x000000002000c43c        0x0 /usr/lib/gcc/arm-none-eabi/10.3.1/../../../arm-none-eabi/lib/thumb/nofp/libc.a(lib_a-ctype_.o)
 .bss           0x000000002000c43c        0x0 /usr/lib/gcc/arm-none-eabi/10.3.1/../../../arm-none-eabi/lib/thumb/nofp/libc.a(lib_a-signal.o)
 .bss           0x000000002000c43c        0x0 /usr/lib/gcc/arm-none-eabi/10.3.1/../../../arm-none-eabi/lib/thumb/nofp/libc.a(lib_a-signalr.o)
 .bss           0x000000002000c43c        0x0 /usr/lib/gcc/arm-none-eabi/10.3.1/thumb/nofp/libgcc.a(_arm_muldf3.o)
 .bss           0x000000002000c43c        0x0 /usr/lib/gcc/arm-none-eabi/10.3.1/thumb/nofp/libgcc.a(_udivsi3.o)
 .bss           0x000000002000c43c        0x0 /usr/lib/gcc/arm-none-eabi/10.3.1/thumb/nofp/libgcc.a(_divsi3.o)
 .bss           0x000000002000c43c        0x0 /usr/lib/gcc/arm-none-eabi/10.3.1/thumb/nofp/libgcc.a(_dvmd_tls.o)
 .bss           0x000000002000c43c        0x0 /usr/lib/gcc/arm-none-eabi/10.3.1/thumb/nofp/libgcc.a(_arm_addsubdf3.o)
 .bss           0x000000002000c43c        0x0 /usr/lib/gcc/arm-none-eabi/10.3.1/thumb/nofp/libgcc.a(_arm_muldivdf3.o)
 .bss           0x000000002000c43c        0x0 /usr/lib/gcc/arm-none-eabi/10.3.1/thumb/nofp/libgcc.a(_arm_cmpdf2.o)
 .bss           0x000000002000c43c        0x0 /usr/lib/gcc/arm-none-eabi/10.3.1/thumb/nofp/libgcc.a(_arm_unorddf2.o)
 .bss           0x000000002000c43c        0x0 /usr/lib/gcc/arm-none-eabi/10.3.1/thumb/nofp/libgcc.a(_arm_fixdfsi.o)
 .bss           0x000000002000c43c        0x0 /usr/lib/gcc/arm-none-eabi/10.3.1/thumb/nofp/libgcc.a(_aeabi_uldivmod.o)
 .bss           0x000000002000c43c        0x0 /usr/lib/gcc/arm-none-eabi/10.3.1/thumb/nofp/libgcc.a(_udivmoddi4.o)
 .bss           0x000000002000c43c        0x0 /usr/lib/gcc/arm-none-eabi/10.3.1/thumb/nofp/libgcc.a(_clzdi2.o)
 .bss           0x000000002000c43c        0x0 /usr/lib/gcc/arm-none-eabi/10.3.1/thumb/nofp/libgcc.a(_clzsi2.o)
 *(.bss*)
 *(COMMON)
                0x000000002000c43c                . = ALIGN (0x4)
                0x000000002000c43c                _ebss = .
                0x000000002000c43c                __bss_end__ = _ebss

._user_heap_stack
                0x000000002000c43c      0x604 load address 0x0000000000019fc8
                0x000000002000c440                . = ALIGN (0x8)
 *fill*         0x000000002000c43c        0x4 
                [!provide]                        PROVIDE (end = .)
                [!provide]                        PROVIDE (_end = .)
                0x000000002000c440                _heap_bottom = .
                0x000000002000c640                . = (. + _Min_Heap_Size)
 *fill*         0x000000002000c440      0x200 
                0x000000002000c640                _heap_top = .
                0x000000002000ca40                . = (. + _Min_Stack_Size)
 *fill*         0x000000002000c640      0x400 
                0x000000002000ca40                . = ALIGN (0x8)

/DISCARD/
 libc.a(*)
 libm.a(*)
 libgcc.a(*)

.ARM.attributes
                0x0000000000000000       0x2d
 *(.ARM.attributes)
 .ARM.attributes
                0x0000000000000000       0x2d build/init/startup.o
 .ARM.attributes
                0x000000000000002d       0x2d build/syscall.o
 .ARM.attributes
                0x000000000000005a       0x2d build/main.o
 .ARM.attributes
                0x0000000000000087       0x2d build//home/dtriska/FreeRTOSv202212.01/FreeRTOS/Source/portable/GCC/ARM_CM3_MPU/port.o
 .ARM.attributes
                0x00000000000000b4       0x2d build//home/dtriska/FreeRTOSv202212.01/FreeRTOS/Source/portable/Common/mpu_wrappers.o
 .ARM.attributes
                0x00000000000000e1       0x2d build//home/dtriska/FreeRTOSv202212.01/FreeRTOS/Source/tasks.o
 .ARM.attributes
                0x000000000000010e       0x2d build//home/dtriska/FreeRTOSv202212.01/FreeRTOS/Source/list.o
 .ARM.attributes
                0x000000000000013b       0x2d build//home/dtriska/FreeRTOSv202212.01/FreeRTOS/Source/queue.o
 .ARM.attributes
                0x0000000000000168       0x2d build//home/dtriska/FreeRTOSv202212.01/FreeRTOS/Source/timers.o
 .ARM.attributes
                0x0000000000000195       0x2d build//home/dtriska/FreeRTOSv202212.01/FreeRTOS/Source/event_groups.o
 .ARM.attributes
                0x00000000000001c2       0x2d build//home/dtriska/FreeRTOSv202212.01/FreeRTOS/Source/portable/MemMang/heap_4.o
 .ARM.attributes
                0x00000000000001ef       0x2d build//home/dtriska/FreeRTOSv202212.01/FreeRTOS/Source/stream_buffer.o
 .ARM.attributes
                0x000000000000021c       0x2d build/app_main.o
 .ARM.attributes
                0x0000000000000249       0x2d build/mpu_demo.o
                0x00000000207fffff                __StackTop = (ORIGIN (RAM) + LENGTH (RAM))
                0x00000000207ffbff                __StackLimit = (__StackTop - _Min_Stack_Size)
                [!provide]                        PROVIDE (__stack = __StackTop)
                0x0000000000000001                ASSERT ((__StackLimit >= _heap_top), region RAM overflowed with stack)
OUTPUT(build/RTOSDemo.axf elf32-littlearm)
LOAD linker stubs
LOAD /usr/lib/gcc/arm-none-eabi/10.3.1/../../../arm-none-eabi/lib/thumb/nofp/libc.a
LOAD /usr/lib/gcc/arm-none-eabi/10.3.1/../../../arm-none-eabi/lib/thumb/nofp/libm.a
LOAD /usr/lib/gcc/arm-none-eabi/10.3.1/thumb/nofp/libgcc.a

.comment        0x0000000000000000       0x33
 .comment       0x0000000000000000       0x33 build/init/startup.o
                                         0x34 (size before relaxing)
 .comment       0x0000000000000033       0x34 build/syscall.o
 .comment       0x0000000000000033       0x34 build/main.o
 .comment       0x0000000000000033       0x34 build//home/dtriska/FreeRTOSv202212.01/FreeRTOS/Source/portable/GCC/ARM_CM3_MPU/port.o
 .comment       0x0000000000000033       0x34 build//home/dtriska/FreeRTOSv202212.01/FreeRTOS/Source/portable/Common/mpu_wrappers.o
 .comment       0x0000000000000033       0x34 build//home/dtriska/FreeRTOSv202212.01/FreeRTOS/Source/tasks.o
 .comment       0x0000000000000033       0x34 build//home/dtriska/FreeRTOSv202212.01/FreeRTOS/Source/list.o
 .comment       0x0000000000000033       0x34 build//home/dtriska/FreeRTOSv202212.01/FreeRTOS/Source/queue.o
 .comment       0x0000000000000033       0x34 build//home/dtriska/FreeRTOSv202212.01/FreeRTOS/Source/timers.o
 .comment       0x0000000000000033       0x34 build//home/dtriska/FreeRTOSv202212.01/FreeRTOS/Source/event_groups.o
 .comment       0x0000000000000033       0x34 build//home/dtriska/FreeRTOSv202212.01/FreeRTOS/Source/portable/MemMang/heap_4.o
 .comment       0x0000000000000033       0x34 build//home/dtriska/FreeRTOSv202212.01/FreeRTOS/Source/stream_buffer.o
 .comment       0x0000000000000033       0x34 build/app_main.o
 .comment       0x0000000000000033       0x34 build/mpu_demo.o
